// Jest Snapshot v1, https://goo.gl/fbAQLP

exports[`GeneralCard should match snapshot 1`] = `
<div>
  <section
    class="border rounded-sm p-4 mb-4 border-darkBlue"
  >
    <a
      class="text-green underline text-md font-light"
      href="custom.com"
      target="_blank"
    >
      Blog post title
    </a>
  </section>
</div>
`;
